Component: ARM Compiler 5.06 update 6 (build 750) Tool: armlink [4d35ed]

==============================================================================

Section Cross References

    aduc712x.o(RESET) refers to irq_arm.o(.text) for Undef_Handler
    aduc712x.o(RESET) refers to aduc712x.o(STACK) for Stack_Top
    aduc712x.o(RESET) refers to entry.o(.ARM.Collect$$$$00000000) for __main
    main.o(.text) refers to main.o(.data) for ulLoop
    main.o(.text) refers to irq_arm.o(.data) for IRQ
    irq_arm.o(.text) refers to irq_arm.o(.data) for IRQ
    entry.o(.ARM.Collect$$$$00000000) refers (Special) to entry10a.o(.ARM.Collect$$$$0000000D) for __rt_final_cpp
    entry.o(.ARM.Collect$$$$00000000) refers (Special) to entry11a.o(.ARM.Collect$$$$0000000F) for __rt_final_exit
    entry.o(.ARM.Collect$$$$00000000) refers (Special) to entry7b.o(.ARM.Collect$$$$00000008) for _main_clock
    entry.o(.ARM.Collect$$$$00000000) refers (Special) to entry8b.o(.ARM.Collect$$$$0000000A) for _main_cpp_init
    entry.o(.ARM.Collect$$$$00000000) refers (Special) to entry9a.o(.ARM.Collect$$$$0000000B) for _main_init
    entry.o(.ARM.Collect$$$$00000000) refers (Special) to entry5.o(.ARM.Collect$$$$00000004) for _main_scatterload
    entry.o(.ARM.Collect$$$$00000000) refers (Special) to entry2.o(.ARM.Collect$$$$00000001) for _main_stk
    entry2.o(.ARM.Collect$$$$00000001) refers to entry2.o(.ARM.Collect$$$$00002712) for __lit__00000000
    entry2.o(.ARM.Collect$$$$00002712) refers to aduc712x.o(STACK) for __initial_sp
    entry5.o(.ARM.Collect$$$$00000004) refers to init.o(.text) for __scatterload
    entry9a.o(.ARM.Collect$$$$0000000B) refers to main.o(.text) for main
    entry9b.o(.ARM.Collect$$$$0000000C) refers to main.o(.text) for main
    init.o(.text) refers to entry5.o(.ARM.Collect$$$$00000004) for __main_after_scatterload


==============================================================================

Removing Unused input sections from the image.

    Removing aduc712x.o(HEAP), (0 bytes).
    Removing retarget.o(.text), (136 bytes).

2 unused section(s) (total 136 bytes) removed from the image.

==============================================================================

Image Symbol Table

    Local Symbols

    Symbol Name                              Value     Ov Type        Size  Object(Section)

    ../clib/microlib/init/entry.s            0x00000000   Number         0  entry2.o ABSOLUTE
    ../clib/microlib/init/entry.s            0x00000000   Number         0  entry7b.o ABSOLUTE
    ../clib/microlib/init/entry.s            0x00000000   Number         0  entry11b.o ABSOLUTE
    ../clib/microlib/init/entry.s            0x00000000   Number         0  entry11a.o ABSOLUTE
    ../clib/microlib/init/entry.s            0x00000000   Number         0  entry8b.o ABSOLUTE
    ../clib/microlib/init/entry.s            0x00000000   Number         0  entry10b.o ABSOLUTE
    ../clib/microlib/init/entry.s            0x00000000   Number         0  entry10a.o ABSOLUTE
    ../clib/microlib/init/entry.s            0x00000000   Number         0  entry9b.o ABSOLUTE
    ../clib/microlib/init/entry.s            0x00000000   Number         0  entry9a.o ABSOLUTE
    ../clib/microlib/init/entry.s            0x00000000   Number         0  entry8a.o ABSOLUTE
    ../clib/microlib/init/entry.s            0x00000000   Number         0  entry5.o ABSOLUTE
    ../clib/microlib/init/entry.s            0x00000000   Number         0  entry.o ABSOLUTE
    ../clib/microlib/init/entry.s            0x00000000   Number         0  entry7a.o ABSOLUTE
    ../clib/microlib/stubs.s                 0x00000000   Number         0  useno.o ABSOLUTE
    ADuC712x.s                               0x00000000   Number         0  aduc712x.o ABSOLUTE
    Retarget.c                               0x00000000   Number         0  retarget.o ABSOLUTE
    dc.s                                     0x00000000   Number         0  dc.o ABSOLUTE
    handlers.s                               0x00000000   Number         0  handlers.o ABSOLUTE
    init.s                                   0x00000000   Number         0  init.o ABSOLUTE
    irq_arm.c                                0x00000000   Number         0  irq_arm.o ABSOLUTE
    main.c                                   0x00000000   Number         0  main.o ABSOLUTE
    .data                                    0x00040000   Section       20  main.o(.data)
    ulLoop                                   0x00040010   Data           4  main.o(.data)
    .data                                    0x00040014   Section       24  irq_arm.o(.data)
    STACK                                    0x00040030   Section     1664  aduc712x.o(STACK)
    Stack_Top                                0x000406b0   Data           0  aduc712x.o(STACK)
    RESET                                    0x00080000   Section      148  aduc712x.o(RESET)
    .ARM.Collect$$$$00000000                 0x00080094   Section        0  entry.o(.ARM.Collect$$$$00000000)
    .ARM.Collect$$$$00000001                 0x00080094   Section        4  entry2.o(.ARM.Collect$$$$00000001)
    .ARM.Collect$$$$00000004                 0x00080098   Section        4  entry5.o(.ARM.Collect$$$$00000004)
    .ARM.Collect$$$$00000008                 0x0008009c   Section        0  entry7b.o(.ARM.Collect$$$$00000008)
    .ARM.Collect$$$$0000000A                 0x0008009c   Section        0  entry8b.o(.ARM.Collect$$$$0000000A)
    .ARM.Collect$$$$0000000B                 0x0008009c   Section       12  entry9a.o(.ARM.Collect$$$$0000000B)
    .ARM.Collect$$$$0000000D                 0x000800a8   Section        0  entry10a.o(.ARM.Collect$$$$0000000D)
    .ARM.Collect$$$$0000000F                 0x000800a8   Section        0  entry11a.o(.ARM.Collect$$$$0000000F)
    .ARM.Collect$$$$00002712                 0x000800a8   Section        4  entry2.o(.ARM.Collect$$$$00002712)
    __lit__00000000                          0x000800a8   Data           4  entry2.o(.ARM.Collect$$$$00002712)
    .text                                    0x000800ac   Section        0  main.o(.text)
    .text                                    0x00080294   Section        0  irq_arm.o(.text)
    .text                                    0x000803b4   Section       48  init.o(.text)
    i.__scatterload_copy                     0x000803e4   Section       28  handlers.o(i.__scatterload_copy)
    i.__scatterload_null                     0x00080400   Section        4  handlers.o(i.__scatterload_null)
    i.__scatterload_zeroinit                 0x00080404   Section       24  handlers.o(i.__scatterload_zeroinit)

    Global Symbols

    Symbol Name                              Value     Ov Type        Size  Object(Section)

    BuildAttributes$$ARM_ISAv4$S$PE$A:L22$X:L11$S22$IEEE1$~IW$USESV6$~STKCKD$USESV7$~SHL$OSPACE$EBA8$MICROLIB$REQ8$PRES8$EABIv2 0x00000000   Number         0  anon$$obj.o ABSOLUTE
    __ARM_use_no_argv                        0x00000000   Number         0  main.o ABSOLUTE
    __use_no_errno                           0x00000000   Number         0  useno.o ABSOLUTE
    __use_no_exception_handling              0x00000000   Number         0  useno.o ABSOLUTE
    __use_no_fp                              0x00000000   Number         0  useno.o ABSOLUTE
    __use_no_heap                            0x00000000   Number         0  useno.o ABSOLUTE
    __use_no_heap_region                     0x00000000   Number         0  useno.o ABSOLUTE
    __use_no_semihosting                     0x00000000   Number         0  useno.o ABSOLUTE
    __use_no_semihosting_swi                 0x00000000   Number         0  useno.o ABSOLUTE
    __use_no_signal_handling                 0x00000000   Number         0  useno.o ABSOLUTE
    __cpp_initialize__aeabi_                  - Undefined Weak Reference
    __cxa_finalize                            - Undefined Weak Reference
    __decompress                              - Undefined Weak Reference
    _clock_init                               - Undefined Weak Reference
    _microlib_exit                            - Undefined Weak Reference
    szTxData                                 0x00040000   Data           6  main.o(.data)
    ucTxCount                                0x00040006   Data           1  main.o(.data)
    szRxData                                 0x00040007   Data           6  main.o(.data)
    ucRxCount                                0x0004000d   Data           1  main.o(.data)
    ucWaitingForXIRQ0                        0x0004000e   Data           1  main.o(.data)
    IRQ                                      0x00040014   Data           4  irq_arm.o(.data)
    SWI                                      0x00040018   Data           4  irq_arm.o(.data)
    FIQ                                      0x0004001c   Data           4  irq_arm.o(.data)
    UNDEF                                    0x00040020   Data           4  irq_arm.o(.data)
    PABORT                                   0x00040024   Data           4  irq_arm.o(.data)
    DABORT                                   0x00040028   Data           4  irq_arm.o(.data)
    __initial_sp                             0x00040430   Data         640  aduc712x.o(STACK)
    Reset_Handler                            0x00080040   ARM Code       0  aduc712x.o(RESET)
    __main                                   0x00080094   ARM Code       0  entry.o(.ARM.Collect$$$$00000000)
    _main_stk                                0x00080094   ARM Code       0  entry2.o(.ARM.Collect$$$$00000001)
    _main_scatterload                        0x00080098   ARM Code       0  entry5.o(.ARM.Collect$$$$00000004)
    __main_after_scatterload                 0x0008009c   ARM Code       0  entry5.o(.ARM.Collect$$$$00000004)
    _main_clock                              0x0008009c   ARM Code       0  entry7b.o(.ARM.Collect$$$$00000008)
    _main_cpp_init                           0x0008009c   ARM Code       0  entry8b.o(.ARM.Collect$$$$0000000A)
    _main_init                               0x0008009c   ARM Code       0  entry9a.o(.ARM.Collect$$$$0000000B)
    __rt_final_cpp                           0x000800a8   ARM Code       0  entry10a.o(.ARM.Collect$$$$0000000D)
    __rt_final_exit                          0x000800a8   ARM Code       0  entry11a.o(.ARM.Collect$$$$0000000F)
    Delay                                    0x000800ac   ARM Code      40  main.o(.text)
    LedToggle                                0x000800d4   ARM Code      72  main.o(.text)
    InterruptIRQHndlr                        0x0008011c   ARM Code      44  main.o(.text)
    ConfigureTimer2                          0x00080148   ARM Code      56  main.o(.text)
    ConfigUART9600                           0x00080180   ARM Code     108  main.o(.text)
    ConfigI2C                                0x000801ec   ARM Code      52  main.o(.text)
    main                                     0x00080220   ARM Code      80  main.o(.text)
    IRQ_Handler                              0x00080294   ARM Code      44  irq_arm.o(.text)
    FIQ_Handler                              0x000802c0   ARM Code      44  irq_arm.o(.text)
    SWI_Handler                              0x000802ec   ARM Code      44  irq_arm.o(.text)
    Undef_Handler                            0x00080318   ARM Code      44  irq_arm.o(.text)
    PAbt_Handler                             0x00080344   ARM Code      44  irq_arm.o(.text)
    DAbt_Handler                             0x00080370   ARM Code      44  irq_arm.o(.text)
    __scatterload                            0x000803b4   ARM Code      40  init.o(.text)
    __scatterload_rt2                        0x000803b4   ARM Code       0  init.o(.text)
    __scatterload_copy                       0x000803e4   ARM Code      28  handlers.o(i.__scatterload_copy)
    __scatterload_null                       0x00080400   ARM Code       4  handlers.o(i.__scatterload_null)
    __scatterload_zeroinit                   0x00080404   ARM Code      24  handlers.o(i.__scatterload_zeroinit)
    Region$$Table$$Base                      0x0008041c   Number         0  anon$$obj.o(Region$$Table)
    Region$$Table$$Limit                     0x0008043c   Number         0  anon$$obj.o(Region$$Table)



==============================================================================

Memory Map of the image

  Image Entry point : 0x00080094

  Load Region LR_IROM1 (Base: 0x00080000, Size: 0x00000468, Max: 0x0001f800, ABSOLUTE)

    Execution Region RW_IRAM1 (Exec base: 0x00040000, Load base: 0x0008043c, Size: 0x000006b0, Max: 0x00008000, ABSOLUTE)

    Exec Addr    Load Addr    Size         Type   Attr      Idx    E Section Name        Object

    0x00040000   0x0008043c   0x00000014   Data   RW            9    .data               main.o
    0x00040014   0x00080450   0x00000018   Data   RW           62    .data               irq_arm.o
    0x0004002c   0x00080468   0x00000004   PAD
    0x00040030        -       0x00000680   Zero   RW            1    STACK               aduc712x.o


    Execution Region ER_IROM1 (Exec base: 0x00080000, Load base: 0x00080000, Size: 0x0000043c, Max: 0x0001f800, ABSOLUTE)

    Exec Addr    Load Addr    Size         Type   Attr      Idx    E Section Name        Object

    0x00080000   0x00080000   0x00000094   Code   RO            3    RESET               aduc712x.o
    0x00080094   0x00080094   0x00000000   Code   RO           75  * .ARM.Collect$$$$00000000  mc_4.l(entry.o)
    0x00080094   0x00080094   0x00000004   Code   RO           78    .ARM.Collect$$$$00000001  mc_4.l(entry2.o)
    0x00080098   0x00080098   0x00000004   Code   RO           80    .ARM.Collect$$$$00000004  mc_4.l(entry5.o)
    0x0008009c   0x0008009c   0x00000000   Code   RO           82    .ARM.Collect$$$$00000008  mc_4.l(entry7b.o)
    0x0008009c   0x0008009c   0x00000000   Code   RO           84    .ARM.Collect$$$$0000000A  mc_4.l(entry8b.o)
    0x0008009c   0x0008009c   0x0000000c   Code   RO           85    .ARM.Collect$$$$0000000B  mc_4.l(entry9a.o)
    0x000800a8   0x000800a8   0x00000000   Code   RO           87    .ARM.Collect$$$$0000000D  mc_4.l(entry10a.o)
    0x000800a8   0x000800a8   0x00000000   Code   RO           89    .ARM.Collect$$$$0000000F  mc_4.l(entry11a.o)
    0x000800a8   0x000800a8   0x00000004   Code   RO           79    .ARM.Collect$$$$00002712  mc_4.l(entry2.o)
    0x000800ac   0x000800ac   0x000001e8   Code   RO            8    .text               main.o
    0x00080294   0x00080294   0x00000120   Code   RO           61    .text               irq_arm.o
    0x000803b4   0x000803b4   0x00000030   Code   RO           91    .text               mc_4.l(init.o)
    0x000803e4   0x000803e4   0x0000001c   Code   RO           95    i.__scatterload_copy  mc_4.l(handlers.o)
    0x00080400   0x00080400   0x00000004   Code   RO           96    i.__scatterload_null  mc_4.l(handlers.o)
    0x00080404   0x00080404   0x00000018   Code   RO           97    i.__scatterload_zeroinit  mc_4.l(handlers.o)
    0x0008041c   0x0008041c   0x00000020   Data   RO           93    Region$$Table       anon$$obj.o


==============================================================================

Image component sizes


      Code (inc. data)   RO Data    RW Data    ZI Data      Debug   Object Name

       148         40          0          0       1664        296   aduc712x.o
       288         24          0         24          0       1740   irq_arm.o
       488         36          0         20          0       3808   main.o

    ----------------------------------------------------------------------
       924        100         32         44       1668       5844   Object Totals
         0          0         32          0          0          0   (incl. Generated)
         0          0          0          0          4          0   (incl. Padding)

    ----------------------------------------------------------------------

      Code (inc. data)   RO Data    RW Data    ZI Data      Debug   Library Member Name

         0          0          0          0          0          0   entry.o
         0          0          0          0          0          0   entry10a.o
         0          0          0          0          0          0   entry11a.o
         8          4          0          0          0          0   entry2.o
         4          0          0          0          0          0   entry5.o
         0          0          0          0          0          0   entry7b.o
         0          0          0          0          0          0   entry8b.o
        12          4          0          0          0          0   entry9a.o
        56          0          0          0          0          0   handlers.o
        48          8          0          0          0         68   init.o

    ----------------------------------------------------------------------
       128         16          0          0          0         68   Library Totals
         0          0          0          0          0          0   (incl. Padding)

    ----------------------------------------------------------------------

      Code (inc. data)   RO Data    RW Data    ZI Data      Debug   Library Name

       128         16          0          0          0         68   mc_4.l

    ----------------------------------------------------------------------
       128         16          0          0          0         68   Library Totals

    ----------------------------------------------------------------------

==============================================================================


      Code (inc. data)   RO Data    RW Data    ZI Data      Debug   

      1052        116         32         44       1668       6116   Grand Totals
      1052        116         32         44       1668       6116   ELF Image Totals
      1052        116         32         44          0          0   ROM Totals

==============================================================================

    Total RO  Size (Code + RO Data)                 1084 (   1.06kB)
    Total RW  Size (RW Data + ZI Data)              1712 (   1.67kB)
    Total ROM Size (Code + RO Data + RW Data)       1128 (   1.10kB)

==============================================================================

