<html>
<body>
<pre>
<h1>µVision Build Log</h1>
<h2>Tool Versions:</h2>
IDE-Version: µVision V5.27.1.0
Copyright (C) 2019 ARM Ltd and ARM Germany GmbH. All rights reserved.
License Information: Craig Macemchuk, Lakehead University, LIC=----
 
Tool Versions:
Toolchain:       MDK-Lite  Version: 5.27.1.0
Toolchain Path:  C:\Keil_v5\ARM\ARMCC\Bin
C Compiler:      Armcc.exe V5.06 update 6 (build 750)
Assembler:       Armasm.exe V5.06 update 6 (build 750)
Linker/Locator:  ArmLink.exe V5.06 update 6 (build 750)
Library Manager: ArmAr.exe V5.06 update 6 (build 750)
Hex Converter:   FromElf.exe V5.06 update 6 (build 750)
CPU DLL:         SARM.DLL V5.27.1.0
Dialog DLL:      
Target DLL:      Segger\JLTAgdi.dll V1.61.0.0
Dialog DLL:      
 
<h2>Project:</h2>
C:\Users\student24401\Documents\GitHub\ADuC7126QSPZ-Test\CBlinky.uvproj
Project File Date:  05/07/2019

<h2>Output:</h2>
*** Using Compiler 'V5.06 update 6 (build 750)', folder: 'C:\Keil_v5\ARM\ARMCC\Bin'
Rebuild target 'ADuC7128'
compiling Retarget.c...
compiling main.c...
assembling ADuC712x.s...
compiling irq_arm.c...
linking...
Program Size: Code=1212 RO-data=32 RW-data=32 ZI-data=1664  
".\Output\CBlinky.axf" - 0 Error(s), 0 Warning(s).
Build Time Elapsed:  00:00:01
</pre>
</body>
</html>
